HTTP/1.1 200 OK
Date: Fri, 14 Oct 2022 10:54:34 GMT
Server: Apache
Strict-Transport-Security: max-age=31536000; includeSubDomains
Content-Length: 52
Content-Type: application/json

{"status":"ok","data":"0.00000000","coin":"arionum"}