HTTP/1.1 200 OK
Date: Fri, 14 Oct 2022 10:54:37 GMT
Server: Apache/2.4.6 (CentOS)
Content-Length: 55
Content-Type: application/json

{"status":"ok","data":"1.0.0-alpha.7","coin":"arionum"}