HTTP/1.1 200 OK
Date: Fri, 14 Oct 2022 10:54:49 GMT
Server: Apache/2.4.6 (CentOS)
Content-Length: 42
Content-Type: application/json

{"status":"ok","data":13,"coin":"arionum"}