HTTP/1.1 200 OK
Date: Fri, 14 Oct 2022 10:54:35 GMT
Server: Apache/2.4.6 (CentOS)
Content-Length: 4396
Content-Type: application/json

{"status":"ok","data":[{"id":"26PZgwak3LscM3Mz8bfDBmbETSq9GvXhdom5HwoDMuaMvg9cekKX21hoNtJXixdrvvAwq2BoxKiUdQQnGWym1ZxT","max_supply":0,"tradable":1,"price":"0.00000000","dividend_only":0,"auto_dividend":0,"allow_bid":1,"height":952581,"alias":"AUSDTHOUSAND","balance":"39.62500000"},{"id":"2UXwmvwjuFkJomaW7XdxJeEzGbCiDbWnP3EtEdHUtBaaqT8CPGptbY3RDyWotAnWcNUWgCLRmCWzLezN9gzR89h7","max_supply":1000000,"tradable":1,"price":"0.00000000","dividend_only":0,"auto_dividend":0,"allow_bid":1,"height":915071,"alias":"ACOS","balance":"189.74999930"},{"id":"2Vj7n7ZrfpqSjxUoi6TGyUfxJty7T38pCCc5TejpB8gFHvSUKBEyYVuwfTuMeuqaQn2tWeqNEXDCziWwdWpPZfNv","max_supply":0,"tradable":1,"price":"0.00000000","dividend_only":0,"auto_dividend":0,"allow_bid":1,"height":952602,"alias":"AUSDC","balance":"788.99999990"},{"id":"2WGtvoV1LxvBpYHXpYHFoDb9XGR3Cig1LE8bUK2d6hMB7mpaVPKgFhCqsFsZTGbTZvHTKydJ7QThZwHYAjPSMthk","max_supply":0,"tradable":1,"price":"0.00000000","dividend_only":0,"auto_dividend":0,"allow_bid":1,"height":913759,"alias":"IAKC","balance":"109.75000000"},{"id":"2ekfzGgZkrtLo7PgxVjQhNHUDMbZNrzyntWBVYF3kkSQuSEganKANcUCL9LtC3wTf3HXCD8HEUEFUBq8vxiL6mPM","max_supply":0,"tradable":1,"price":"0.00000000","dividend_only":0,"auto_dividend":0,"allow_bid":1,"height":952579,"alias":"AUSD","balance":"89.75000000"},{"id":"2hQcSJz2rLkCm9YP6UGocsfekmoHwmdHvxBL1BVxvSygjUGjAsfWszPyihbRV7VpUz1YHoTxnbpo9XMra6ys7xPV","max_supply":1000000,"tradable":1,"price":"0.00000000","dividend_only":0,"auto_dividend":0,"allow_bid":1,"height":952569,"alias":"AUSDCENT","balance":"89.75000000"},{"id":"2wp13Yco11K2pV7QHB6nWZ9jeLYmm9Kar1YjJ39beXShKYdyf8Mh5hz1EAgtC1dzZQVL7X5dDJrPuNm9GefBBTKy","max_supply":1000000,"tradable":1,"price":"0.00000000","dividend_only":0,"auto_dividend":0,"allow_bid":1,"height":913714,"alias":"IAOS","balance":"285.74999930"},{"id":"3otamzMJg3MRpzxMhHZH73PsDXJFmTUgYzG5wuap6sKmiUkTnVxsjksXTbeJQbrkGVYh1muRkhkwwJCYjgqNrFdp","max_supply":0,"tradable":1,"price":"1000.00000000","dividend_only":0,"auto_dividend":0,"allow_bid":1,"height":295894,"alias":"SHAREDMN","balance":"1.16901850"},{"id":"4jEbJQiwUnvhsnJgfQ9jsVah8Eb42qaD11omd7xBgvKAfq7dEwPGSydCxAKfg6amD2DXwit9euhd7tzMHawz1tVQ","max_supply":100,"tradable":1,"price":"1000.00000000","dividend_only":0,"auto_dividend":1,"allow_bid":1,"height":954852,"alias":null,"balance":"0.00000000"},{"id":"4p8B1WLYRu645rfZ9Lc9m5hDFU5jD35EZATo3y14CP5zCbT81WhCKhSBFSeneuFxAfxFoCjYmSrFarcCsnG2EHLH","max_supply":100,"tradable":1,"price":"1000.00000000","dividend_only":0,"auto_dividend":1,"allow_bid":1,"height":954847,"alias":null,"balance":"0.00000000"},{"id":"559e82ts7v95icwqSxkdTp7rQAhS3VpHubT2vE3kJhMuWbFPbteRXJqwcpiEX65iJ9gaFutKNe7YSHbmnjnmNcng","max_supply":100000000,"tradable":0,"price":"1.00000000","dividend_only":1,"auto_dividend":1,"allow_bid":1,"height":471399,"alias":"CORE","balance":"0.00000000"},{"id":"5BFwDXDz2oWLCanxSttweTadEikk9NpsxPLvwn7Gev8u5sQDRozy9PjiKWoLdveZwDWKsXyJc8DvJDUjpStEqodV","max_supply":1000000,"tradable":1,"price":"0.00000000","dividend_only":0,"auto_dividend":0,"allow_bid":1,"height":913669,"alias":null,"balance":"0.15675000"},{"id":"5RfV4S9QnvQGKEM1hzrECJWqTdRgYQb6nnzdKMseH7EujtFD1nSTbEPd5Ng5icqdDfgPoq7fK4wrJeLTBRZCioWw","max_supply":100,"tradable":1,"price":"1000.00000000","dividend_only":0,"auto_dividend":1,"allow_bid":1,"height":954840,"alias":null,"balance":"0.00000000"},{"id":"63XhfCKHGCDUhwzWgb61nhNY7SD5HTTAV1XZ9fVqPAAe9oGyRtQruojT13A3pmWFEugd99qMDgGbgbQzPCE5ciHE","max_supply":1000000,"tradable":1,"price":"0.00000000","dividend_only":0,"auto_dividend":0,"allow_bid":1,"height":952555,"alias":"AUOS","balance":"37.12499930"},{"id":"HLdx7EbLfkcHebX5kgMDdhynEYvYqxK6LZ2qExJdg3iJqNLvkE8LDAbSy5PJB8Vb5cuFJgVqLNGs72eQBSH2p29","max_supply":0,"tradable":1,"price":"0.00000000","dividend_only":0,"auto_dividend":0,"allow_bid":1,"height":941760,"alias":null,"balance":"6860.18827526"},{"id":"MnCGTWjWooKBE8PwEbPCr8Fk1oqmB4wF3fbM11eBJWTVzFkRm3GWPLQbDssEoX9VdATdXtJervte4geb6PoDxDL","max_supply":0,"tradable":1,"price":"0.00000000","dividend_only":0,"auto_dividend":0,"allow_bid":1,"height":243676,"alias":"ASDF","balance":"766219.59048601"},{"id":"kcwdodBiQvB8Q2q5JLjkXLxrCt8aesHDQN76ahomYkEK2m55uo9rSwb22swNTZoKwPzUrMQsD7jQERmENGUKatb","max_supply":101,"tradable":1,"price":"1000.00000000","dividend_only":0,"auto_dividend":1,"allow_bid":1,"height":975779,"alias":null,"balance":"143680.75000000"}],"coin":"arionum"}